Loading weights:   0%|          | 0/770 [00:00<?, ?it/s]Loading weights: 100%|██████████| 770/770 [00:00<00:00, 24956.26it/s]
{"pid": 11561, "stage": "model_initialization", "pages": [], "seconds": 0.3053907089997665}
{"pid": 11561, "stage": "PagePreprocessingModel", "pages": [1], "seconds": 0.04788679200100887}
{"pid": 11561, "stage": "RapidOcrModel", "pages": [1], "seconds": 1.8749997252598405e-06}
{"pid": 11561, "stage": "PagePreprocessingModel", "pages": [2], "seconds": 0.05514500000026601}
{"pid": 11561, "stage": "RapidOcrModel", "pages": [2], "seconds": 1.5000005078036338e-06}
{"pid": 11561, "stage": "PagePreprocessingModel", "pages": [3], "seconds": 0.04800049999903422}
{"pid": 11561, "stage": "RapidOcrModel", "pages": [3], "seconds": 9.999985195463523e-07}
{"pid": 11561, "stage": "PagePreprocessingModel", "pages": [4], "seconds": 0.047907624999425025}
{"pid": 11561, "stage": "RapidOcrModel", "pages": [4], "seconds": 1.1669999366858974e-06}
{"pid": 11561, "stage": "PagePreprocessingModel", "pages": [5], "seconds": 0.05594133300110116}
{"pid": 11561, "stage": "RapidOcrModel", "pages": [5], "seconds": 1.8329992599319667e-06}
{"pid": 11561, "stage": "PagePreprocessingModel", "pages": [6], "seconds": 0.040734874999543536}
{"pid": 11561, "stage": "RapidOcrModel", "pages": [6], "seconds": 1.3749995559919626e-06}
{"pid": 11561, "stage": "PagePreprocessingModel", "pages": [7], "seconds": 0.12398195799869427}
{"pid": 11561, "stage": "RapidOcrModel", "pages": [7], "seconds": 1.0410003596916795e-06}
{"pid": 11561, "stage": "PagePreprocessingModel", "pages": [8], "seconds": 0.04458729200086964}
{"pid": 11561, "stage": "RapidOcrModel", "pages": [8], "seconds": 1.2500004231696948e-06}
{"pid": 11561, "stage": "PagePreprocessingModel", "pages": [9], "seconds": 0.05380795900055091}
{"pid": 11561, "stage": "RapidOcrModel", "pages": [9], "seconds": 1.207999957841821e-06}
{"pid": 11561, "stage": "PagePreprocessingModel", "pages": [10], "seconds": 0.049941375000344124}
{"pid": 11561, "stage": "RapidOcrModel", "pages": [10], "seconds": 1.207999957841821e-06}
{"pid": 11561, "stage": "PagePreprocessingModel", "pages": [11], "seconds": 0.04430808300094213}
{"pid": 11561, "stage": "RapidOcrModel", "pages": [11], "seconds": 1.2920008884975687e-06}
{"pid": 11561, "stage": "PagePreprocessingModel", "pages": [12], "seconds": 0.04325204199994914}
{"pid": 11561, "stage": "RapidOcrModel", "pages": [12], "seconds": 1.3330009096534923e-06}
{"pid": 11561, "stage": "PagePreprocessingModel", "pages": [13], "seconds": 0.04767087499931222}
{"pid": 11561, "stage": "RapidOcrModel", "pages": [13], "seconds": 1.2920008884975687e-06}
{"pid": 11561, "stage": "PagePreprocessingModel", "pages": [14], "seconds": 0.04602191600133665}
{"pid": 11561, "stage": "RapidOcrModel", "pages": [14], "seconds": 1.3749995559919626e-06}
{"pid": 11561, "stage": "PagePreprocessingModel", "pages": [15], "seconds": 0.043134249999638996}
{"pid": 11561, "stage": "RapidOcrModel", "pages": [15], "seconds": 4.7909998102113605e-06}
{"pid": 11561, "stage": "PagePreprocessingModel", "pages": [16], "seconds": 0.05277699999896868}
{"pid": 11561, "stage": "RapidOcrModel", "pages": [16], "seconds": 1.5829991752980277e-06}
{"pid": 11561, "stage": "PagePreprocessingModel", "pages": [17], "seconds": 0.04550533299880044}
{"pid": 11561, "stage": "RapidOcrModel", "pages": [17], "seconds": 1.1669999366858974e-06}
{"pid": 11561, "stage": "PagePreprocessingModel", "pages": [18], "seconds": 0.04525945900059014}
{"pid": 11561, "stage": "RapidOcrModel", "pages": [18], "seconds": 1.3330009096534923e-06}
{"pid": 11561, "stage": "PagePreprocessingModel", "pages": [19], "seconds": 0.04688424999949348}
{"pid": 11561, "stage": "RapidOcrModel", "pages": [19], "seconds": 1.333999534836039e-06}
{"pid": 11561, "stage": "PagePreprocessingModel", "pages": [20], "seconds": 0.14227341700097895}
{"pid": 11561, "stage": "RapidOcrModel", "pages": [20], "seconds": 1.45800004247576e-06}
{"pid": 11561, "stage": "PagePreprocessingModel", "pages": [21], "seconds": 0.052197125000020606}
{"pid": 11561, "stage": "RapidOcrModel", "pages": [21], "seconds": 1.5000005078036338e-06}
{"pid": 11561, "stage": "PagePreprocessingModel", "pages": [22], "seconds": 0.045581541999126785}
{"pid": 11561, "stage": "RapidOcrModel", "pages": [22], "seconds": 1.1669999366858974e-06}
{"pid": 11561, "stage": "PagePreprocessingModel", "pages": [23], "seconds": 0.04437974999927974}
{"pid": 11561, "stage": "RapidOcrModel", "pages": [23], "seconds": 1.1669999366858974e-06}
{"pid": 11561, "stage": "LayoutModel", "pages": [1], "seconds": 1.2347209170002316}
{"pid": 11561, "stage": "TableStructureModel", "pages": [1], "seconds": 2.887499977077823e-05}
{"pid": 11561, "stage": "PageAssembleModel", "pages": [1], "seconds": 0.0002524999999877764}
{"pid": 11561, "stage": "PagePreprocessingModel", "pages": [24], "seconds": 0.04415924999921117}
{"pid": 11561, "stage": "RapidOcrModel", "pages": [24], "seconds": 1.207999957841821e-06}
{"pid": 11561, "stage": "PagePreprocessingModel", "pages": [25], "seconds": 0.05272687500109896}
{"pid": 11561, "stage": "RapidOcrModel", "pages": [25], "seconds": 1.207999957841821e-06}
{"pid": 11561, "stage": "checkpoint_commit", "pages": [1], "seconds": 0.0968473749999248}
{"pid": 11561, "stage": "PagePreprocessingModel", "pages": [26], "seconds": 0.046827957999994396}
{"pid": 11561, "stage": "RapidOcrModel", "pages": [26], "seconds": 1.8749997252598405e-06}
{"pid": 11561, "stage": "PagePreprocessingModel", "pages": [27], "seconds": 0.046552166999390465}
{"pid": 11561, "stage": "RapidOcrModel", "pages": [27], "seconds": 9.57999873207882e-07}
{"pid": 11561, "stage": "PagePreprocessingModel", "pages": [28], "seconds": 0.04605308400095964}
{"pid": 11561, "stage": "RapidOcrModel", "pages": [28], "seconds": 2.0829993445659056e-06}
{"pid": 11561, "stage": "PagePreprocessingModel", "pages": [29], "seconds": 0.04628237500037358}
{"pid": 11561, "stage": "RapidOcrModel", "pages": [29], "seconds": 1.2500004231696948e-06}
{"pid": 11561, "stage": "PagePreprocessingModel", "pages": [30], "seconds": 0.04645383299975947}
{"pid": 11561, "stage": "RapidOcrModel", "pages": [30], "seconds": 2.083999788737856e-06}
{"pid": 11561, "stage": "PagePreprocessingModel", "pages": [31], "seconds": 0.04641737500060117}
{"pid": 11561, "stage": "RapidOcrModel", "pages": [31], "seconds": 1.6249996406259015e-06}
{"pid": 11561, "stage": "PagePreprocessingModel", "pages": [32], "seconds": 0.04376758400030667}
{"pid": 11561, "stage": "RapidOcrModel", "pages": [32], "seconds": 1.6670001059537753e-06}
{"pid": 11561, "stage": "PagePreprocessingModel", "pages": [33], "seconds": 0.041888582998581114}
{"pid": 11561, "stage": "RapidOcrModel", "pages": [33], "seconds": 1.2500004231696948e-06}
{"pid": 11561, "stage": "PagePreprocessingModel", "pages": [34], "seconds": 0.04182691599999089}
{"pid": 11561, "stage": "RapidOcrModel", "pages": [34], "seconds": 1.4170000213198364e-06}
{"pid": 11561, "stage": "PagePreprocessingModel", "pages": [35], "seconds": 0.14460858299935353}
{"pid": 11561, "stage": "RapidOcrModel", "pages": [35], "seconds": 1.7910006135934964e-06}
{"pid": 11561, "stage": "PagePreprocessingModel", "pages": [36], "seconds": 0.04244979199938825}
{"pid": 11561, "stage": "RapidOcrModel", "pages": [36], "seconds": 1.5000005078036338e-06}
{"pid": 11561, "stage": "PagePreprocessingModel", "pages": [37], "seconds": 0.04198216599979787}
{"pid": 11561, "stage": "RapidOcrModel", "pages": [37], "seconds": 1.2920008884975687e-06}
{"pid": 11561, "stage": "PagePreprocessingModel", "pages": [38], "seconds": 0.041522625000652624}
{"pid": 11561, "stage": "RapidOcrModel", "pages": [38], "seconds": 1.375001374981366e-06}
{"pid": 11561, "stage": "PagePreprocessingModel", "pages": [39], "seconds": 0.04101083299974562}
{"pid": 11561, "stage": "RapidOcrModel", "pages": [39], "seconds": 1.3749995559919626e-06}
{"pid": 11561, "stage": "PagePreprocessingModel", "pages": [40], "seconds": 0.0417471660002775}
{"pid": 11561, "stage": "RapidOcrModel", "pages": [40], "seconds": 1.207999957841821e-06}
{"pid": 11561, "stage": "PagePreprocessingModel", "pages": [41], "seconds": 0.04227283299951523}
{"pid": 11561, "stage": "RapidOcrModel", "pages": [41], "seconds": 1.3749995559919626e-06}
{"pid": 11561, "stage": "PagePreprocessingModel", "pages": [42], "seconds": 0.04206279199934215}
{"pid": 11561, "stage": "RapidOcrModel", "pages": [42], "seconds": 1.6670001059537753e-06}
{"pid": 11561, "stage": "PagePreprocessingModel", "pages": [43], "seconds": 0.04150429100081965}
{"pid": 11561, "stage": "RapidOcrModel", "pages": [43], "seconds": 1.0829990060301498e-06}
{"pid": 11561, "stage": "PagePreprocessingModel", "pages": [44], "seconds": 0.041847250000500935}
{"pid": 11561, "stage": "RapidOcrModel", "pages": [44], "seconds": 1.3749995559919626e-06}
{"pid": 11561, "stage": "PagePreprocessingModel", "pages": [45], "seconds": 0.04032737499983341}
{"pid": 11561, "stage": "RapidOcrModel", "pages": [45], "seconds": 1.207999957841821e-06}
{"pid": 11561, "stage": "PagePreprocessingModel", "pages": [46], "seconds": 0.04185358399990946}
{"pid": 11561, "stage": "RapidOcrModel", "pages": [46], "seconds": 1.2500004231696948e-06}
{"pid": 11561, "stage": "PagePreprocessingModel", "pages": [47], "seconds": 0.04079579100107367}
{"pid": 11561, "stage": "RapidOcrModel", "pages": [47], "seconds": 1.583999619469978e-06}
{"pid": 11561, "stage": "PagePreprocessingModel", "pages": [48], "seconds": 0.039475625000704895}
{"pid": 11561, "stage": "RapidOcrModel", "pages": [48], "seconds": 1.4999986888142303e-06}
{"pid": 11561, "stage": "PagePreprocessingModel", "pages": [49], "seconds": 0.040566333998867776}
{"pid": 11561, "stage": "RapidOcrModel", "pages": [49], "seconds": 1.6670001059537753e-06}
{"pid": 11561, "stage": "PagePreprocessingModel", "pages": [50], "seconds": 0.040264457999001024}
{"pid": 11561, "stage": "RapidOcrModel", "pages": [50], "seconds": 1.6249996406259015e-06}
{"pid": 11561, "stage": "PagePreprocessingModel", "pages": [51], "seconds": 0.023810292001144262}
{"pid": 11561, "stage": "RapidOcrModel", "pages": [51], "seconds": 1.45800004247576e-06}
{"pid": 11561, "stage": "LayoutModel", "pages": [2, 3, 4, 5], "seconds": 1.6721607499985112}
{"pid": 11561, "stage": "TableStructureModel", "pages": [2, 3, 4, 5], "seconds": 3.829199886240531e-05}
{"pid": 11561, "stage": "PageAssembleModel", "pages": [2], "seconds": 0.00020737500017276034}
{"pid": 11561, "stage": "checkpoint_commit", "pages": [2], "seconds": 0.020533790999252233}
{"pid": 11561, "stage": "PageAssembleModel", "pages": [3], "seconds": 0.00015166699995461386}
{"pid": 11561, "stage": "checkpoint_commit", "pages": [3], "seconds": 0.01896725000005972}
{"pid": 11561, "stage": "PageAssembleModel", "pages": [4], "seconds": 0.00018791700131259859}
{"pid": 11561, "stage": "checkpoint_commit", "pages": [4], "seconds": 0.02183237500139512}
{"pid": 11561, "stage": "PageAssembleModel", "pages": [5], "seconds": 0.00020112499987590127}
{"pid": 11561, "stage": "checkpoint_commit", "pages": [5], "seconds": 0.02246533399920736}
{"pid": 11561, "stage": "LayoutModel", "pages": [6, 7, 8, 9], "seconds": 0.6864908340012335}
{"pid": 11561, "stage": "LayoutModel", "pages": [10, 11, 12, 13], "seconds": 0.8328212089982117}
{"pid": 11561, "stage": "LayoutModel", "pages": [14, 15, 16, 17], "seconds": 0.9000129169999127}
{"pid": 11561, "stage": "LayoutModel", "pages": [18, 19, 20, 21], "seconds": 0.7850536670011934}
{"pid": 11561, "stage": "LayoutModel", "pages": [22, 23, 24, 25], "seconds": 0.7812916669990955}
{"pid": 11561, "stage": "LayoutModel", "pages": [26, 27, 28, 29], "seconds": 0.7989218750008149}
{"pid": 11561, "stage": "LayoutModel", "pages": [30, 31, 32, 33], "seconds": 0.7832322499998554}
{"pid": 11561, "stage": "LayoutModel", "pages": [34, 35, 36, 37], "seconds": 0.8358699999989767}
{"pid": 11561, "stage": "LayoutModel", "pages": [38, 39, 40, 41], "seconds": 0.8370952080003917}
{"pid": 11561, "stage": "LayoutModel", "pages": [42, 43, 44, 45], "seconds": 0.8340293330002169}
{"pid": 11561, "stage": "LayoutModel", "pages": [46, 47, 48, 49], "seconds": 0.8288765420002164}
{"pid": 11561, "stage": "LayoutModel", "pages": [50, 51], "seconds": 0.5015781660003995}
{"pid": 11561, "stage": "TableStructureModel", "pages": [6, 7, 8, 9], "seconds": 10.532850290999704}
{"pid": 11561, "stage": "PageAssembleModel", "pages": [6], "seconds": 0.00017195799955516122}
{"pid": 11561, "stage": "checkpoint_commit", "pages": [6], "seconds": 0.09787950000099954}
{"pid": 11561, "stage": "PageAssembleModel", "pages": [7], "seconds": 0.00017437499991501682}
{"pid": 11561, "stage": "checkpoint_commit", "pages": [7], "seconds": 0.01990124999974796}
{"pid": 11561, "stage": "PageAssembleModel", "pages": [8], "seconds": 0.0001878750008472707}
{"pid": 11561, "stage": "checkpoint_commit", "pages": [8], "seconds": 0.01950695899904531}
{"pid": 11561, "stage": "PageAssembleModel", "pages": [9], "seconds": 0.00014995899982750416}
{"pid": 11561, "stage": "checkpoint_commit", "pages": [9], "seconds": 0.021693541999411536}
{"pid": 11561, "stage": "TableStructureModel", "pages": [10, 11, 12, 13], "seconds": 2.109495042001072}
{"pid": 11561, "stage": "PageAssembleModel", "pages": [10], "seconds": 0.00013625000065076165}
{"pid": 11561, "stage": "checkpoint_commit", "pages": [10], "seconds": 0.02007354099987424}
{"pid": 11561, "stage": "PageAssembleModel", "pages": [11], "seconds": 0.0001560420005262131}
{"pid": 11561, "stage": "checkpoint_commit", "pages": [11], "seconds": 0.038662457998725586}
{"pid": 11561, "stage": "PageAssembleModel", "pages": [12], "seconds": 0.00017620799917494878}
{"pid": 11561, "stage": "checkpoint_commit", "pages": [12], "seconds": 0.035694750000402564}
{"pid": 11561, "stage": "PageAssembleModel", "pages": [13], "seconds": 0.00018520800040278118}
{"pid": 11561, "stage": "checkpoint_commit", "pages": [13], "seconds": 0.022306625000055647}
{"pid": 11561, "stage": "TableStructureModel", "pages": [14, 15, 16, 17], "seconds": 2.92114862499875}
{"pid": 11561, "stage": "TableStructureModel", "pages": [18, 19, 20, 21], "seconds": 3.124999966530595e-05}
{"pid": 11561, "stage": "PageAssembleModel", "pages": [14], "seconds": 0.00013579199912783224}
{"pid": 11561, "stage": "checkpoint_commit", "pages": [14], "seconds": 0.060548500001459615}
{"pid": 11561, "stage": "PageAssembleModel", "pages": [15], "seconds": 0.00013212500016379636}
{"pid": 11561, "stage": "checkpoint_commit", "pages": [15], "seconds": 0.024853666998751578}
{"pid": 11561, "stage": "PageAssembleModel", "pages": [16], "seconds": 0.00013633299931825604}
{"pid": 11561, "stage": "checkpoint_commit", "pages": [16], "seconds": 0.01960220799992385}
{"pid": 11561, "stage": "PageAssembleModel", "pages": [17], "seconds": 0.00016162500105565414}
{"pid": 11561, "stage": "checkpoint_commit", "pages": [17], "seconds": 0.021597541999653913}
{"pid": 11561, "stage": "PageAssembleModel", "pages": [18], "seconds": 0.00016970900105661713}
{"pid": 11561, "stage": "checkpoint_commit", "pages": [18], "seconds": 0.021211708000919316}
{"pid": 11561, "stage": "PageAssembleModel", "pages": [19], "seconds": 0.00014970799929869827}
{"pid": 11561, "stage": "checkpoint_commit", "pages": [19], "seconds": 0.01931654200052435}
{"pid": 11561, "stage": "PageAssembleModel", "pages": [20], "seconds": 0.00018779200036078691}
{"pid": 11561, "stage": "checkpoint_commit", "pages": [20], "seconds": 0.02441983399876335}
{"pid": 11561, "stage": "PageAssembleModel", "pages": [21], "seconds": 0.0001356249995296821}
{"pid": 11561, "stage": "checkpoint_commit", "pages": [21], "seconds": 0.02010287499979313}
{"pid": 11561, "stage": "TableStructureModel", "pages": [22, 23, 24, 25], "seconds": 0.4059380830003647}
{"pid": 11561, "stage": "TableStructureModel", "pages": [26, 27, 28, 29], "seconds": 3.137500061711762e-05}
{"pid": 11561, "stage": "PageAssembleModel", "pages": [22], "seconds": 0.00016195799980778247}
{"pid": 11561, "stage": "TableStructureModel", "pages": [30, 31, 32, 33], "seconds": 2.9000000722589903e-05}
{"pid": 11561, "stage": "TableStructureModel", "pages": [34, 35, 36, 37], "seconds": 3.345900040585548e-05}
{"pid": 11561, "stage": "TableStructureModel", "pages": [38, 39, 40, 41], "seconds": 2.6083000193466432e-05}
{"pid": 11561, "stage": "TableStructureModel", "pages": [42, 43, 44, 45], "seconds": 2.4666000172146596e-05}
{"pid": 11561, "stage": "TableStructureModel", "pages": [46, 47, 48, 49], "seconds": 2.5082999854930677e-05}
{"pid": 11561, "stage": "TableStructureModel", "pages": [50, 51], "seconds": 1.2832999345846474e-05}
{"pid": 11561, "stage": "checkpoint_commit", "pages": [22], "seconds": 0.01928316600060498}
{"pid": 11561, "stage": "PageAssembleModel", "pages": [23], "seconds": 0.00015050000001792796}
{"pid": 11561, "stage": "checkpoint_commit", "pages": [23], "seconds": 0.018759792001219466}
{"pid": 11561, "stage": "PageAssembleModel", "pages": [24], "seconds": 0.00010783300058392342}
{"pid": 11561, "stage": "checkpoint_commit", "pages": [24], "seconds": 0.017789625000659726}
{"pid": 11561, "stage": "PageAssembleModel", "pages": [25], "seconds": 0.0001582080003572628}
{"pid": 11561, "stage": "checkpoint_commit", "pages": [25], "seconds": 0.01976433299932978}
{"pid": 11561, "stage": "PageAssembleModel", "pages": [26], "seconds": 0.00013883399878977798}
{"pid": 11561, "stage": "checkpoint_commit", "pages": [26], "seconds": 0.01732845799961069}
{"pid": 11561, "stage": "PageAssembleModel", "pages": [27], "seconds": 0.00016341700029443018}
{"pid": 11561, "stage": "checkpoint_commit", "pages": [27], "seconds": 0.019954666000558063}
{"pid": 11561, "stage": "PageAssembleModel", "pages": [28], "seconds": 0.0001605830002517905}
{"pid": 11561, "stage": "checkpoint_commit", "pages": [28], "seconds": 0.0199826669995673}
{"pid": 11561, "stage": "PageAssembleModel", "pages": [29], "seconds": 0.00017108399879361968}
{"pid": 11561, "stage": "checkpoint_commit", "pages": [29], "seconds": 0.018197041999883368}
{"pid": 11561, "stage": "PageAssembleModel", "pages": [30], "seconds": 0.0001470420011173701}
{"pid": 11561, "stage": "checkpoint_commit", "pages": [30], "seconds": 0.018910791999587673}
{"pid": 11561, "stage": "PageAssembleModel", "pages": [31], "seconds": 0.0001397500000166474}
{"pid": 11561, "stage": "checkpoint_commit", "pages": [31], "seconds": 0.020114958000704064}
{"pid": 11561, "stage": "PageAssembleModel", "pages": [32], "seconds": 0.00014150000060908496}
{"pid": 11561, "stage": "checkpoint_commit", "pages": [32], "seconds": 0.019303499999296037}
{"pid": 11561, "stage": "PageAssembleModel", "pages": [33], "seconds": 0.0001750840001477627}
{"pid": 11561, "stage": "checkpoint_commit", "pages": [33], "seconds": 0.021190250001382083}
{"pid": 11561, "stage": "PageAssembleModel", "pages": [34], "seconds": 0.00017350000052829273}
{"pid": 11561, "stage": "checkpoint_commit", "pages": [34], "seconds": 0.02284249999866006}
{"pid": 11561, "stage": "PageAssembleModel", "pages": [35], "seconds": 0.00020683399998233654}
{"pid": 11561, "stage": "checkpoint_commit", "pages": [35], "seconds": 0.024063499999101623}
{"pid": 11561, "stage": "PageAssembleModel", "pages": [36], "seconds": 0.00017333399955532514}
{"pid": 11561, "stage": "checkpoint_commit", "pages": [36], "seconds": 0.024036708999119583}
{"pid": 11561, "stage": "PageAssembleModel", "pages": [37], "seconds": 0.00032825000016600825}
{"pid": 11561, "stage": "checkpoint_commit", "pages": [37], "seconds": 0.025429166000321857}
{"pid": 11561, "stage": "PageAssembleModel", "pages": [38], "seconds": 0.0011146249999001157}
{"pid": 11561, "stage": "checkpoint_commit", "pages": [38], "seconds": 0.021994333001202904}
{"pid": 11561, "stage": "PageAssembleModel", "pages": [39], "seconds": 0.00016087499898276292}
{"pid": 11561, "stage": "checkpoint_commit", "pages": [39], "seconds": 0.02160941699912655}
{"pid": 11561, "stage": "PageAssembleModel", "pages": [40], "seconds": 0.00017745900004229043}
{"pid": 11561, "stage": "checkpoint_commit", "pages": [40], "seconds": 0.020980000001145527}
{"pid": 11561, "stage": "PageAssembleModel", "pages": [41], "seconds": 0.0004387500011944212}
{"pid": 11561, "stage": "checkpoint_commit", "pages": [41], "seconds": 0.02350016700074775}
{"pid": 11561, "stage": "PageAssembleModel", "pages": [42], "seconds": 0.00018620800074131694}
{"pid": 11561, "stage": "checkpoint_commit", "pages": [42], "seconds": 0.02282237500003248}
{"pid": 11561, "stage": "PageAssembleModel", "pages": [43], "seconds": 0.00019745899953704793}
{"pid": 11561, "stage": "checkpoint_commit", "pages": [43], "seconds": 0.02304287500010105}
{"pid": 11561, "stage": "PageAssembleModel", "pages": [44], "seconds": 0.0001855829996202374}
{"pid": 11561, "stage": "checkpoint_commit", "pages": [44], "seconds": 0.02344233400071971}
{"pid": 11561, "stage": "PageAssembleModel", "pages": [45], "seconds": 0.00019220899957872462}
{"pid": 11561, "stage": "checkpoint_commit", "pages": [45], "seconds": 0.02190787499966973}
{"pid": 11561, "stage": "PageAssembleModel", "pages": [46], "seconds": 0.00019062499995925464}
{"pid": 11561, "stage": "checkpoint_commit", "pages": [46], "seconds": 0.022541332999026054}
{"pid": 11561, "stage": "PageAssembleModel", "pages": [47], "seconds": 0.00020475000019359868}
{"pid": 11561, "stage": "checkpoint_commit", "pages": [47], "seconds": 0.02118266700017557}
{"pid": 11561, "stage": "PageAssembleModel", "pages": [48], "seconds": 0.0001800419995561242}
{"pid": 11561, "stage": "checkpoint_commit", "pages": [48], "seconds": 0.022155749999001273}
{"pid": 11561, "stage": "PageAssembleModel", "pages": [49], "seconds": 0.0001892079999379348}
{"pid": 11561, "stage": "checkpoint_commit", "pages": [49], "seconds": 0.022990207999100676}
{"pid": 11561, "stage": "PageAssembleModel", "pages": [50], "seconds": 0.0001674999984970782}
{"pid": 11561, "stage": "checkpoint_commit", "pages": [50], "seconds": 0.02152879099958227}
{"pid": 11561, "stage": "PageAssembleModel", "pages": [51], "seconds": 0.00011629199980234262}
{"pid": 11561, "stage": "checkpoint_commit", "pages": [51], "seconds": 0.012680249999903026}
Traceback (most recent call last):
  File "/Users/david/work/data-ingestion/docs/prototypes/pdf-checkpoint-prototype/.venv/lib/python3.12/site-packages/docling/pipeline/base_pipeline.py", line 79, in execute
    conv_res = self._assemble_document(conv_res)
               ^^^^^^^^^^^^^^^^^^^^^^^^^^^^^^^^^
  File "/Users/david/work/data-ingestion/docs/prototypes/pdf-checkpoint-prototype/experiment.py", line 135, in _assemble_document
    write(ARGS.out / "complete.json", {
  File "/Users/david/work/data-ingestion/docs/prototypes/pdf-checkpoint-prototype/experiment.py", line 42, in write
    raw = json.dumps(data, indent=2, sort_keys=True, allow_nan=False).encode()
          ^^^^^^^^^^^^^^^^^^^^^^^^^^^^^^^^^^^^^^^^^^^^^^^^^^^^^^^^^^^
  File "/Users/david/.local/share/uv/python/cpython-3.12.13-macos-aarch64-none/lib/python3.12/json/__init__.py", line 238, in dumps
    **kw).encode(obj)
          ^^^^^^^^^^^
  File "/Users/david/.local/share/uv/python/cpython-3.12.13-macos-aarch64-none/lib/python3.12/json/encoder.py", line 202, in encode
    chunks = list(chunks)
             ^^^^^^^^^^^^
  File "/Users/david/.local/share/uv/python/cpython-3.12.13-macos-aarch64-none/lib/python3.12/json/encoder.py", line 432, in _iterencode
    yield from _iterencode_dict(o, _current_indent_level)
  File "/Users/david/.local/share/uv/python/cpython-3.12.13-macos-aarch64-none/lib/python3.12/json/encoder.py", line 406, in _iterencode_dict
    yield from chunks
  File "/Users/david/.local/share/uv/python/cpython-3.12.13-macos-aarch64-none/lib/python3.12/json/encoder.py", line 398, in _iterencode_dict
    yield _floatstr(value)
          ^^^^^^^^^^^^^^^^
  File "/Users/david/.local/share/uv/python/cpython-3.12.13-macos-aarch64-none/lib/python3.12/json/encoder.py", line 240, in floatstr
    raise ValueError(
ValueError: Out of range float values are not JSON compliant: nan

The above exception was the direct cause of the following exception:

Traceback (most recent call last):
  File "/Users/david/work/data-ingestion/docs/prototypes/pdf-checkpoint-prototype/experiment.py", line 258, in <module>
    main()
  File "/Users/david/work/data-ingestion/docs/prototypes/pdf-checkpoint-prototype/experiment.py", line 236, in main
    result = converter.convert(ARGS.pdf)
             ^^^^^^^^^^^^^^^^^^^^^^^^^^^
  File "/Users/david/work/data-ingestion/docs/prototypes/pdf-checkpoint-prototype/.venv/lib/python3.12/site-packages/pydantic/_internal/_validate_call.py", line 40, in wrapper_function
    return wrapper(*args, **kwargs)
           ^^^^^^^^^^^^^^^^^^^^^^^^
  File "/Users/david/work/data-ingestion/docs/prototypes/pdf-checkpoint-prototype/.venv/lib/python3.12/site-packages/pydantic/_internal/_validate_call.py", line 137, in __call__
    res = self.__pydantic_validator__.validate_python(pydantic_core.ArgsKwargs(args, kwargs))
          ^^^^^^^^^^^^^^^^^^^^^^^^^^^^^^^^^^^^^^^^^^^^^^^^^^^^^^^^^^^^^^^^^^^^^^^^^^^^^^^^^^^
  File "/Users/david/work/data-ingestion/docs/prototypes/pdf-checkpoint-prototype/.venv/lib/python3.12/site-packages/docling/document_converter.py", line 438, in convert
    return next(all_res)
           ^^^^^^^^^^^^^
  File "/Users/david/work/data-ingestion/docs/prototypes/pdf-checkpoint-prototype/.venv/lib/python3.12/site-packages/docling/document_converter.py", line 497, in convert_all
    for conv_res in conv_res_iter:
                    ^^^^^^^^^^^^^
  File "/Users/david/work/data-ingestion/docs/prototypes/pdf-checkpoint-prototype/.venv/lib/python3.12/site-packages/docling/document_converter.py", line 622, in _convert
    for item in map(
                ^^^^
  File "/Users/david/work/data-ingestion/docs/prototypes/pdf-checkpoint-prototype/.venv/lib/python3.12/site-packages/docling/document_converter.py", line 669, in _process_document
    conv_res = self._execute_pipeline(in_doc, raises_on_error=raises_on_error)
               ^^^^^^^^^^^^^^^^^^^^^^^^^^^^^^^^^^^^^^^^^^^^^^^^^^^^^^^^^^^^^^^
  File "/Users/david/work/data-ingestion/docs/prototypes/pdf-checkpoint-prototype/.venv/lib/python3.12/site-packages/docling/document_converter.py", line 692, in _execute_pipeline
    conv_res = pipeline.execute(in_doc, raises_on_error=raises_on_error)
               ^^^^^^^^^^^^^^^^^^^^^^^^^^^^^^^^^^^^^^^^^^^^^^^^^^^^^^^^^
  File "/Users/david/work/data-ingestion/docs/prototypes/pdf-checkpoint-prototype/.venv/lib/python3.12/site-packages/docling/pipeline/base_pipeline.py", line 93, in execute
    raise RuntimeError(f"Pipeline {self.__class__.__name__} failed") from e
RuntimeError: Pipeline CapturePipeline failed
