Loading weights:   0%|          | 0/770 [00:00<?, ?it/s]Loading weights: 100%|██████████| 770/770 [00:00<00:00, 24095.66it/s]
{"pid": 11625, "stage": "model_initialization", "pages": [], "seconds": 0.3078804169999785}
{"pid": 11625, "stage": "PagePreprocessingModel", "pages": [1], "seconds": 0.05106187499950465}
{"pid": 11625, "stage": "RapidOcrModel", "pages": [1], "seconds": 2.458000381011516e-06}
{"pid": 11625, "stage": "PagePreprocessingModel", "pages": [2], "seconds": 0.05442116599988367}
{"pid": 11625, "stage": "RapidOcrModel", "pages": [2], "seconds": 4.665998858399689e-06}
{"pid": 11625, "stage": "PagePreprocessingModel", "pages": [3], "seconds": 0.04795308299981116}
{"pid": 11625, "stage": "RapidOcrModel", "pages": [3], "seconds": 8.33999365568161e-07}
{"pid": 11625, "stage": "PagePreprocessingModel", "pages": [4], "seconds": 0.04759254100099497}
{"pid": 11625, "stage": "RapidOcrModel", "pages": [4], "seconds": 1.5000005078036338e-06}
{"pid": 11625, "stage": "PagePreprocessingModel", "pages": [5], "seconds": 0.055675083998721675}
{"pid": 11625, "stage": "RapidOcrModel", "pages": [5], "seconds": 1.6249996406259015e-06}
{"pid": 11625, "stage": "PagePreprocessingModel", "pages": [6], "seconds": 0.04187091599851556}
{"pid": 11625, "stage": "RapidOcrModel", "pages": [6], "seconds": 1.4999986888142303e-06}
{"pid": 11625, "stage": "PagePreprocessingModel", "pages": [7], "seconds": 0.12583087500024703}
{"pid": 11625, "stage": "RapidOcrModel", "pages": [7], "seconds": 1.6249996406259015e-06}
{"pid": 11625, "stage": "PagePreprocessingModel", "pages": [8], "seconds": 0.045205750000604894}
{"pid": 11625, "stage": "RapidOcrModel", "pages": [8], "seconds": 1.0420008038636297e-06}
{"pid": 11625, "stage": "PagePreprocessingModel", "pages": [9], "seconds": 0.05372445799912384}
{"pid": 11625, "stage": "RapidOcrModel", "pages": [9], "seconds": 1.3330009096534923e-06}
{"pid": 11625, "stage": "PagePreprocessingModel", "pages": [10], "seconds": 0.050347417000011774}
{"pid": 11625, "stage": "RapidOcrModel", "pages": [10], "seconds": 1.4170000213198364e-06}
{"pid": 11625, "stage": "PagePreprocessingModel", "pages": [11], "seconds": 0.044260165999730816}
{"pid": 11625, "stage": "RapidOcrModel", "pages": [11], "seconds": 1.1250012903474271e-06}
{"pid": 11625, "stage": "PagePreprocessingModel", "pages": [12], "seconds": 0.04354612499992072}
{"pid": 11625, "stage": "RapidOcrModel", "pages": [12], "seconds": 1.207999957841821e-06}
{"pid": 11625, "stage": "PagePreprocessingModel", "pages": [13], "seconds": 0.04845670800023072}
{"pid": 11625, "stage": "RapidOcrModel", "pages": [13], "seconds": 1.2500004231696948e-06}
{"pid": 11625, "stage": "PagePreprocessingModel", "pages": [14], "seconds": 0.04660708299888938}
{"pid": 11625, "stage": "RapidOcrModel", "pages": [14], "seconds": 1.5830009942874312e-06}
{"pid": 11625, "stage": "PagePreprocessingModel", "pages": [15], "seconds": 0.04365887499989185}
{"pid": 11625, "stage": "RapidOcrModel", "pages": [15], "seconds": 1.0840012691915035e-06}
{"pid": 11625, "stage": "PagePreprocessingModel", "pages": [16], "seconds": 0.05241395799930615}
{"pid": 11625, "stage": "RapidOcrModel", "pages": [16], "seconds": 1.3749995559919626e-06}
{"pid": 11625, "stage": "PagePreprocessingModel", "pages": [17], "seconds": 0.04710862499996438}
{"pid": 11625, "stage": "RapidOcrModel", "pages": [17], "seconds": 1.4170000213198364e-06}
{"pid": 11625, "stage": "PagePreprocessingModel", "pages": [18], "seconds": 0.045643917001143564}
{"pid": 11625, "stage": "RapidOcrModel", "pages": [18], "seconds": 1.4590004866477102e-06}
{"pid": 11625, "stage": "PagePreprocessingModel", "pages": [19], "seconds": 0.1350233749999461}
{"pid": 11625, "stage": "RapidOcrModel", "pages": [19], "seconds": 1.959000655915588e-06}
{"pid": 11625, "stage": "PagePreprocessingModel", "pages": [20], "seconds": 0.05530399999952351}
{"pid": 11625, "stage": "RapidOcrModel", "pages": [20], "seconds": 9.169998520519584e-07}
{"pid": 11625, "stage": "PagePreprocessingModel", "pages": [21], "seconds": 0.05319483399944147}
{"pid": 11625, "stage": "RapidOcrModel", "pages": [21], "seconds": 1.207999957841821e-06}
{"pid": 11625, "stage": "PagePreprocessingModel", "pages": [22], "seconds": 0.04613433400118083}
{"pid": 11625, "stage": "RapidOcrModel", "pages": [22], "seconds": 1.0419989848742262e-06}
{"pid": 11625, "stage": "PagePreprocessingModel", "pages": [23], "seconds": 0.05367599999954109}
{"pid": 11625, "stage": "LayoutModel", "pages": [1], "seconds": 1.2431120830005966}
{"pid": 11625, "stage": "RapidOcrModel", "pages": [23], "seconds": 1.0410003596916795e-06}
{"pid": 11625, "stage": "TableStructureModel", "pages": [1], "seconds": 2.712499917834066e-05}
{"pid": 11625, "stage": "PageAssembleModel", "pages": [1], "seconds": 0.0002691669997147983}
{"pid": 11625, "stage": "PagePreprocessingModel", "pages": [24], "seconds": 0.040045832998657716}
{"pid": 11625, "stage": "RapidOcrModel", "pages": [24], "seconds": 1.0419989848742262e-06}
{"pid": 11625, "stage": "checkpoint_commit", "pages": [1], "seconds": 0.05064008299996203}
{"pid": 11625, "stage": "PagePreprocessingModel", "pages": [25], "seconds": 0.05651416699947731}
{"pid": 11625, "stage": "RapidOcrModel", "pages": [25], "seconds": 3.5840002965414897e-06}
{"pid": 11625, "stage": "PagePreprocessingModel", "pages": [26], "seconds": 0.046291915999972844}
{"pid": 11625, "stage": "RapidOcrModel", "pages": [26], "seconds": 1.791999238776043e-06}
{"pid": 11625, "stage": "PagePreprocessingModel", "pages": [27], "seconds": 0.046534999999494175}
{"pid": 11625, "stage": "RapidOcrModel", "pages": [27], "seconds": 1.1249994713580236e-06}
{"pid": 11625, "stage": "PagePreprocessingModel", "pages": [28], "seconds": 0.04605479200108675}
{"pid": 11625, "stage": "RapidOcrModel", "pages": [28], "seconds": 1.2500004231696948e-06}
{"pid": 11625, "stage": "PagePreprocessingModel", "pages": [29], "seconds": 0.046301416001369944}
{"pid": 11625, "stage": "RapidOcrModel", "pages": [29], "seconds": 1.6249996406259015e-06}
{"pid": 11625, "stage": "PagePreprocessingModel", "pages": [30], "seconds": 0.04759579100027622}
{"pid": 11625, "stage": "RapidOcrModel", "pages": [30], "seconds": 2.6670004444895312e-06}
{"pid": 11625, "stage": "PagePreprocessingModel", "pages": [31], "seconds": 0.046849209000356495}
{"pid": 11625, "stage": "RapidOcrModel", "pages": [31], "seconds": 2.208000296377577e-06}
{"pid": 11625, "stage": "PagePreprocessingModel", "pages": [32], "seconds": 0.04400716599957377}
{"pid": 11625, "stage": "RapidOcrModel", "pages": [32], "seconds": 1.583999619469978e-06}
{"pid": 11625, "stage": "PagePreprocessingModel", "pages": [33], "seconds": 0.042570749999867985}
{"pid": 11625, "stage": "RapidOcrModel", "pages": [33], "seconds": 1.4160013961372897e-06}
{"pid": 11625, "stage": "PagePreprocessingModel", "pages": [34], "seconds": 0.04211424999994051}
{"pid": 11625, "stage": "RapidOcrModel", "pages": [34], "seconds": 1.2919990695081651e-06}
{"pid": 11625, "stage": "PagePreprocessingModel", "pages": [35], "seconds": 0.145414124999661}
{"pid": 11625, "stage": "RapidOcrModel", "pages": [35], "seconds": 1.2500004231696948e-06}
{"pid": 11625, "stage": "PagePreprocessingModel", "pages": [36], "seconds": 0.0425412079985108}
{"pid": 11625, "stage": "RapidOcrModel", "pages": [36], "seconds": 1.4590004866477102e-06}
{"pid": 11625, "stage": "PagePreprocessingModel", "pages": [37], "seconds": 0.04166983300092397}
{"pid": 11625, "stage": "RapidOcrModel", "pages": [37], "seconds": 1.0839994502021e-06}
{"pid": 11625, "stage": "PagePreprocessingModel", "pages": [38], "seconds": 0.04238120800073375}
{"pid": 11625, "stage": "RapidOcrModel", "pages": [38], "seconds": 1.8339997041039169e-06}
{"pid": 11625, "stage": "PagePreprocessingModel", "pages": [39], "seconds": 0.041652374999102904}
{"pid": 11625, "stage": "RapidOcrModel", "pages": [39], "seconds": 1.3330009096534923e-06}
{"pid": 11625, "stage": "PagePreprocessingModel", "pages": [40], "seconds": 0.04214624999985972}
{"pid": 11625, "stage": "RapidOcrModel", "pages": [40], "seconds": 1.0410003596916795e-06}
{"pid": 11625, "stage": "PagePreprocessingModel", "pages": [41], "seconds": 0.04212966599880019}
{"pid": 11625, "stage": "RapidOcrModel", "pages": [41], "seconds": 2.2500007617054507e-06}
{"pid": 11625, "stage": "PagePreprocessingModel", "pages": [42], "seconds": 0.04265425000085088}
{"pid": 11625, "stage": "RapidOcrModel", "pages": [42], "seconds": 1.4170000213198364e-06}
{"pid": 11625, "stage": "PagePreprocessingModel", "pages": [43], "seconds": 0.04086770899994008}
{"pid": 11625, "stage": "RapidOcrModel", "pages": [43], "seconds": 1.5830009942874312e-06}
{"pid": 11625, "stage": "PagePreprocessingModel", "pages": [44], "seconds": 0.042253125000570435}
{"pid": 11625, "stage": "RapidOcrModel", "pages": [44], "seconds": 1.0829990060301498e-06}
{"pid": 11625, "stage": "PagePreprocessingModel", "pages": [45], "seconds": 0.04066262499873119}
{"pid": 11625, "stage": "RapidOcrModel", "pages": [45], "seconds": 1.2499986041802913e-06}
{"pid": 11625, "stage": "PagePreprocessingModel", "pages": [46], "seconds": 0.042017665999082965}
{"pid": 11625, "stage": "RapidOcrModel", "pages": [46], "seconds": 1.2910004443256184e-06}
{"pid": 11625, "stage": "PagePreprocessingModel", "pages": [47], "seconds": 0.0408085420003772}
{"pid": 11625, "stage": "RapidOcrModel", "pages": [47], "seconds": 1.5410005289595574e-06}
{"pid": 11625, "stage": "PagePreprocessingModel", "pages": [48], "seconds": 0.039625750001505367}
{"pid": 11625, "stage": "RapidOcrModel", "pages": [48], "seconds": 1.6670001059537753e-06}
{"pid": 11625, "stage": "PagePreprocessingModel", "pages": [49], "seconds": 0.0422847499994532}
{"pid": 11625, "stage": "RapidOcrModel", "pages": [49], "seconds": 1.958000211743638e-06}
{"pid": 11625, "stage": "PagePreprocessingModel", "pages": [50], "seconds": 0.04088695899918093}
{"pid": 11625, "stage": "RapidOcrModel", "pages": [50], "seconds": 1.3329990906640887e-06}
{"pid": 11625, "stage": "PagePreprocessingModel", "pages": [51], "seconds": 0.023506167000959977}
{"pid": 11625, "stage": "RapidOcrModel", "pages": [51], "seconds": 1.0000003385357559e-06}
{"pid": 11625, "stage": "LayoutModel", "pages": [2, 3, 4, 5], "seconds": 1.6856212499988033}
{"pid": 11625, "stage": "TableStructureModel", "pages": [2, 3, 4, 5], "seconds": 3.033299981325399e-05}
{"pid": 11625, "stage": "PageAssembleModel", "pages": [2], "seconds": 0.0002074169988190988}
{"pid": 11625, "stage": "checkpoint_commit", "pages": [2], "seconds": 0.02065795800081105}
{"pid": 11625, "stage": "PageAssembleModel", "pages": [3], "seconds": 0.00015625000014551915}
{"pid": 11625, "stage": "checkpoint_commit", "pages": [3], "seconds": 0.019409291999181733}
{"pid": 11625, "stage": "PageAssembleModel", "pages": [4], "seconds": 0.00019304200031911023}
{"pid": 11625, "stage": "checkpoint_commit", "pages": [4], "seconds": 0.021055625000371947}
{"pid": 11625, "stage": "PageAssembleModel", "pages": [5], "seconds": 0.0003284169997641584}
{"pid": 11625, "stage": "checkpoint_commit", "pages": [5], "seconds": 0.022724833001120714}
{"pid": 11625, "stage": "LayoutModel", "pages": [6, 7, 8, 9], "seconds": 0.8184744999998657}
{"pid": 11625, "stage": "LayoutModel", "pages": [10, 11, 12, 13], "seconds": 0.8149552909999329}
{"pid": 11625, "stage": "LayoutModel", "pages": [14, 15, 16, 17], "seconds": 0.7786829590004345}
{"pid": 11625, "stage": "LayoutModel", "pages": [18, 19, 20, 21], "seconds": 0.7758255419994384}
{"pid": 11625, "stage": "LayoutModel", "pages": [22, 23, 24, 25], "seconds": 0.75875379199897}
{"pid": 11625, "stage": "LayoutModel", "pages": [26, 27, 28, 29], "seconds": 0.7600835829998687}
{"pid": 11625, "stage": "LayoutModel", "pages": [30, 31, 32, 33], "seconds": 0.7694051670005138}
{"pid": 11625, "stage": "LayoutModel", "pages": [34, 35, 36, 37], "seconds": 0.8145738329985761}
{"pid": 11625, "stage": "LayoutModel", "pages": [38, 39, 40, 41], "seconds": 0.8206713330000639}
{"pid": 11625, "stage": "LayoutModel", "pages": [42, 43, 44, 45], "seconds": 0.8206997500001307}
{"pid": 11625, "stage": "LayoutModel", "pages": [46, 47, 48, 49], "seconds": 0.8094010000004346}
{"pid": 11625, "stage": "LayoutModel", "pages": [50, 51], "seconds": 0.4670689169997786}
{"pid": 11625, "stage": "TableStructureModel", "pages": [6, 7, 8, 9], "seconds": 9.574959333000152}
{"pid": 11625, "stage": "PageAssembleModel", "pages": [6], "seconds": 0.0001539999993838137}
{"pid": 11625, "stage": "checkpoint_commit", "pages": [6], "seconds": 0.0963457500001823}
{"pid": 11625, "stage": "PageAssembleModel", "pages": [7], "seconds": 0.0001789580001059221}
{"pid": 11625, "stage": "checkpoint_commit", "pages": [7], "seconds": 0.020544083999993745}
{"pid": 11625, "stage": "PageAssembleModel", "pages": [8], "seconds": 0.00017387499974574894}
{"pid": 11625, "stage": "checkpoint_commit", "pages": [8], "seconds": 0.019828250000500702}
{"pid": 11625, "stage": "PageAssembleModel", "pages": [9], "seconds": 0.00016775000040070154}
{"pid": 11625, "stage": "checkpoint_commit", "pages": [9], "seconds": 0.02197929199974169}
{"pid": 11625, "stage": "TableStructureModel", "pages": [10, 11, 12, 13], "seconds": 1.5410761250004725}
{"pid": 11625, "stage": "PageAssembleModel", "pages": [10], "seconds": 0.00013779199980490375}
{"pid": 11625, "stage": "checkpoint_commit", "pages": [10], "seconds": 0.019748875000004773}
{"pid": 11625, "stage": "PageAssembleModel", "pages": [11], "seconds": 0.00015062500096973963}
{"pid": 11625, "stage": "checkpoint_commit", "pages": [11], "seconds": 0.03754679200028477}
{"pid": 11625, "stage": "PageAssembleModel", "pages": [12], "seconds": 0.00014158299927657936}
{"pid": 11625, "stage": "checkpoint_commit", "pages": [12], "seconds": 0.03751325000121142}
{"pid": 11625, "stage": "PageAssembleModel", "pages": [13], "seconds": 0.0002327090005564969}
{"pid": 11625, "stage": "checkpoint_commit", "pages": [13], "seconds": 0.02837070900022809}
{"pid": 11625, "stage": "TableStructureModel", "pages": [14, 15, 16, 17], "seconds": 2.183644374999858}
{"pid": 11625, "stage": "TableStructureModel", "pages": [18, 19, 20, 21], "seconds": 3.4374999813735485e-05}
{"pid": 11625, "stage": "PageAssembleModel", "pages": [14], "seconds": 0.00015891600014583673}
{"pid": 11625, "stage": "checkpoint_commit", "pages": [14], "seconds": 0.05986891700013075}
{"pid": 11625, "stage": "PageAssembleModel", "pages": [15], "seconds": 0.00013379200026975013}
{"pid": 11625, "stage": "checkpoint_commit", "pages": [15], "seconds": 0.024507041000106256}
{"pid": 11625, "stage": "PageAssembleModel", "pages": [16], "seconds": 0.000149583000165876}
{"pid": 11625, "stage": "checkpoint_commit", "pages": [16], "seconds": 0.019921041999623412}
{"pid": 11625, "stage": "PageAssembleModel", "pages": [17], "seconds": 0.00019745899953704793}
{"pid": 11625, "stage": "checkpoint_commit", "pages": [17], "seconds": 0.021640999999362975}
{"pid": 11625, "stage": "PageAssembleModel", "pages": [18], "seconds": 0.00017195899999933317}
{"pid": 11625, "stage": "checkpoint_commit", "pages": [18], "seconds": 0.020590084001014475}
{"pid": 11625, "stage": "PageAssembleModel", "pages": [19], "seconds": 0.00015995799913071096}
{"pid": 11625, "stage": "checkpoint_commit", "pages": [19], "seconds": 0.019432290999247925}
{"pid": 11625, "stage": "PageAssembleModel", "pages": [20], "seconds": 0.00022362500021699816}
{"pid": 11625, "stage": "checkpoint_commit", "pages": [20], "seconds": 0.024422541999228997}
{"pid": 11625, "stage": "PageAssembleModel", "pages": [21], "seconds": 0.00014604200077883434}
{"pid": 11625, "stage": "checkpoint_commit", "pages": [21], "seconds": 0.02095566699972551}
{"pid": 11625, "stage": "TableStructureModel", "pages": [22, 23, 24, 25], "seconds": 0.3417915840000205}
{"pid": 11625, "stage": "TableStructureModel", "pages": [26, 27, 28, 29], "seconds": 2.833299913618248e-05}
{"pid": 11625, "stage": "PageAssembleModel", "pages": [22], "seconds": 0.00016487500033690594}
{"pid": 11625, "stage": "TableStructureModel", "pages": [30, 31, 32, 33], "seconds": 3.0208000680431724e-05}
{"pid": 11625, "stage": "TableStructureModel", "pages": [34, 35, 36, 37], "seconds": 3.137500061711762e-05}
{"pid": 11625, "stage": "TableStructureModel", "pages": [38, 39, 40, 41], "seconds": 3.425000068091322e-05}
{"pid": 11625, "stage": "TableStructureModel", "pages": [42, 43, 44, 45], "seconds": 2.6915999114862643e-05}
{"pid": 11625, "stage": "TableStructureModel", "pages": [46, 47, 48, 49], "seconds": 2.341700019314885e-05}
{"pid": 11625, "stage": "TableStructureModel", "pages": [50, 51], "seconds": 1.345899909210857e-05}
{"pid": 11625, "stage": "checkpoint_commit", "pages": [22], "seconds": 0.019208416999390465}
{"pid": 11625, "stage": "PageAssembleModel", "pages": [23], "seconds": 0.0001454579996789107}
{"pid": 11625, "stage": "checkpoint_commit", "pages": [23], "seconds": 0.018909624999650987}
{"pid": 11625, "stage": "PageAssembleModel", "pages": [24], "seconds": 0.00011145799908263143}
{"pid": 11625, "stage": "checkpoint_commit", "pages": [24], "seconds": 0.01787533300012001}
{"pid": 11625, "stage": "PageAssembleModel", "pages": [25], "seconds": 0.00016812499961815774}
{"pid": 11625, "stage": "checkpoint_commit", "pages": [25], "seconds": 0.01975204200061853}
{"pid": 11625, "stage": "PageAssembleModel", "pages": [26], "seconds": 0.00014100000043981709}
{"pid": 11625, "stage": "checkpoint_commit", "pages": [26], "seconds": 0.01733424999838462}
{"pid": 11625, "stage": "PageAssembleModel", "pages": [27], "seconds": 0.0001708330000838032}
{"pid": 11625, "stage": "checkpoint_commit", "pages": [27], "seconds": 0.02040862499961804}
{"pid": 11625, "stage": "PageAssembleModel", "pages": [28], "seconds": 0.00015958299991325475}
{"pid": 11625, "stage": "checkpoint_commit", "pages": [28], "seconds": 0.019633457999589154}
{"pid": 11625, "stage": "PageAssembleModel", "pages": [29], "seconds": 0.0001544580009067431}
{"pid": 11625, "stage": "checkpoint_commit", "pages": [29], "seconds": 0.018340874999921652}
{"pid": 11625, "stage": "PageAssembleModel", "pages": [30], "seconds": 0.00014629100041929632}
{"pid": 11625, "stage": "checkpoint_commit", "pages": [30], "seconds": 0.019291833999886876}
{"pid": 11625, "stage": "PageAssembleModel", "pages": [31], "seconds": 0.0001540829998702975}
{"pid": 11625, "stage": "checkpoint_commit", "pages": [31], "seconds": 0.020650917000239133}
{"pid": 11625, "stage": "PageAssembleModel", "pages": [32], "seconds": 0.00015583299864374567}
{"pid": 11625, "stage": "checkpoint_commit", "pages": [32], "seconds": 0.019800166001004982}
{"pid": 11625, "stage": "PageAssembleModel", "pages": [33], "seconds": 0.00017712499902700074}
{"pid": 11625, "stage": "checkpoint_commit", "pages": [33], "seconds": 0.021242500000880682}
{"pid": 11625, "stage": "PageAssembleModel", "pages": [34], "seconds": 0.00018116699902748223}
{"pid": 11625, "stage": "checkpoint_commit", "pages": [34], "seconds": 0.023196250000182772}
{"pid": 11625, "stage": "PageAssembleModel", "pages": [35], "seconds": 0.0001947920009115478}
{"pid": 11625, "stage": "checkpoint_commit", "pages": [35], "seconds": 0.02418487499926414}
{"pid": 11625, "stage": "PageAssembleModel", "pages": [36], "seconds": 0.0001812089994928101}
{"pid": 11625, "stage": "checkpoint_commit", "pages": [36], "seconds": 0.024214125000071363}
{"pid": 11625, "stage": "PageAssembleModel", "pages": [37], "seconds": 0.0003620410006988095}
{"pid": 11625, "stage": "checkpoint_commit", "pages": [37], "seconds": 0.02515608300018357}
{"pid": 11625, "stage": "PageAssembleModel", "pages": [38], "seconds": 0.0010909590000665048}
{"pid": 11625, "stage": "checkpoint_commit", "pages": [38], "seconds": 0.021291458999257884}
{"pid": 11625, "stage": "PageAssembleModel", "pages": [39], "seconds": 0.00017633300012676045}
{"pid": 11625, "stage": "checkpoint_commit", "pages": [39], "seconds": 0.020990499999243184}
{"pid": 11625, "stage": "PageAssembleModel", "pages": [40], "seconds": 0.00020308399871282745}
{"pid": 11625, "stage": "checkpoint_commit", "pages": [40], "seconds": 0.02106041600018216}
{"pid": 11625, "stage": "PageAssembleModel", "pages": [41], "seconds": 0.0004186249989288626}
{"pid": 11625, "stage": "checkpoint_commit", "pages": [41], "seconds": 0.023949167001774185}
{"pid": 11625, "stage": "PageAssembleModel", "pages": [42], "seconds": 0.00018716699923970737}
{"pid": 11625, "stage": "checkpoint_commit", "pages": [42], "seconds": 0.0234300419997453}
{"pid": 11625, "stage": "PageAssembleModel", "pages": [43], "seconds": 0.00019641600010800175}
{"pid": 11625, "stage": "checkpoint_commit", "pages": [43], "seconds": 0.023096875000192085}
{"pid": 11625, "stage": "PageAssembleModel", "pages": [44], "seconds": 0.00019454199900792446}
{"pid": 11625, "stage": "checkpoint_commit", "pages": [44], "seconds": 0.02371491700068873}
{"pid": 11625, "stage": "PageAssembleModel", "pages": [45], "seconds": 0.0001867079990915954}
{"pid": 11625, "stage": "checkpoint_commit", "pages": [45], "seconds": 0.021885334001126466}
{"pid": 11625, "stage": "PageAssembleModel", "pages": [46], "seconds": 0.0001843330010160571}
{"pid": 11625, "stage": "checkpoint_commit", "pages": [46], "seconds": 0.022315833999527968}
{"pid": 11625, "stage": "PageAssembleModel", "pages": [47], "seconds": 0.0001560000000608852}
{"pid": 11625, "stage": "checkpoint_commit", "pages": [47], "seconds": 0.02177999999912572}
{"pid": 11625, "stage": "PageAssembleModel", "pages": [48], "seconds": 0.00018629099940881133}
{"pid": 11625, "stage": "checkpoint_commit", "pages": [48], "seconds": 0.022351667001203168}
{"pid": 11625, "stage": "PageAssembleModel", "pages": [49], "seconds": 0.00018779200036078691}
{"pid": 11625, "stage": "checkpoint_commit", "pages": [49], "seconds": 0.022975709000093048}
{"pid": 11625, "stage": "PageAssembleModel", "pages": [50], "seconds": 0.0001720000000204891}
{"pid": 11625, "stage": "checkpoint_commit", "pages": [50], "seconds": 0.021248208999168128}
{"pid": 11625, "stage": "PageAssembleModel", "pages": [51], "seconds": 0.00011516700033098459}
{"pid": 11625, "stage": "checkpoint_commit", "pages": [51], "seconds": 0.013066290999631747}
{"pid": 11625, "stage": "injected_exit_before_assembly", "pages": [], "seconds": 0}
/Users/david/.local/share/uv/python/cpython-3.12.13-macos-aarch64-none/lib/python3.12/multiprocessing/resource_tracker.py:279: UserWarning: resource_tracker: There appear to be 1 leaked semaphore objects to clean up at shutdown
  warnings.warn('resource_tracker: There appear to be %d '
