{"fixture": "native", "mode": "baseline", "process_seconds": 50.80994523100003}
{"fixture": "native", "mode": "capture", "process_seconds": 46.20613189599999}
{"fixture": "native", "mode": "restore", "process_seconds": 5.096958836000113}
{
  "same_full_document": true,
  "different_paths": [],
  "comparison": "All JSON fields, including reading order, hierarchy, tables, captions, hyperlinks, bbox/charspan and embedded page/picture image bytes. No fields removed.",
  "fresh_process": true,
  "repeated_completed_page_stage_inputs": {
    "PagePreprocessingModel": 0,
    "RapidOcrModel": 0,
    "LayoutModel": 0,
    "TableStructureModel": 0,
    "PageAssembleModel": 0
  }
}
{"fixture": "scan", "mode": "baseline", "process_seconds": 11.194579714000156}
{"fixture": "scan", "mode": "capture", "process_seconds": 10.445101628999964}
{"fixture": "scan", "mode": "restore", "process_seconds": 2.9544305009999334}
{
  "same_full_document": true,
  "different_paths": [],
  "comparison": "All JSON fields, including reading order, hierarchy, tables, captions, hyperlinks, bbox/charspan and embedded page/picture image bytes. No fields removed.",
  "fresh_process": true,
  "repeated_completed_page_stage_inputs": {
    "PagePreprocessingModel": 0,
    "RapidOcrModel": 0,
    "LayoutModel": 0,
    "TableStructureModel": 0,
    "PageAssembleModel": 0
  }
}
{"baseline": "/experiment/PROTOTYPE-wipe-me/linux-baseline", "io": {"get_bytes": 0, "put_bytes": 22542195, "get_seconds": 0.0, "put_seconds": 0.06937516700008928}}
