{"workflow_id": "linux-fault-final-fault-1789125255677049294", "started": 1789125255.6863787}
{
  "mode": "fault",
  "workflow_id": "linux-fault-final-fault-1789125255677049294",
  "wall_seconds": 244.75592519499992,
  "result": {
    "groups": [
      "f99cb1229a8113ccd4bb9da0c261e66884e6eb010c16f074c65bec17c21b18df",
      "04ffc862570344a4e0e7bc77d6a8117b1efd661227b2466007e0dba31cb09293",
      "fdd7e2a9ff09de17460003c1b79c8e998e1c11a05afbf35f2f3cb16578eb17a9",
      "9ff2fee2f640a4d036c2a13f5dd4352cbaf131d026280ea6ace54e99a81fbeba",
      "76ceac028c85240e5705beda9a317eff446758f6389069877e12c37601f1b504",
      "21770780c011681f64ae0d099926e9caba1ebbb97cc8e6fcbff5a91a542b199f",
      "ea71c00a177cc04f3822ae8add6f7101e7b1acf72b0fabdb401268d2e765557d",
      "5c57598b33fa4de74270036fc9a0c3332c1f2c62433c502e15570d3dc9c39337",
      "6cdeede41e11477ca809b4bb1f804c6945961635d01d21eae1d11fe85fd82094",
      "067f3b6ab12b99935d237cee50c972969af45f27c9c86a4b32d5cb64a1919d24",
      "a310a663573afe548f1beb84083d3a06b87e6ec1169bea3d2027463d318d24c0"
    ],
    "ocr": "91d11ba3b7103a3a5af05c59d780d3c8c8e49eb624781603a6a6cd63ae2bda90",
    "parsed": "676b17020dc526484bed0e57b908d646b518d1bf4f751ce8478f66ded2e054bf"
  }
}
