{"workflow_id": "linux-v2-normal-1789124982844997376", "started": 1789124982.850268}
temporalio.exceptions.ApplicationError: AssertionError: Application error

The above exception was the direct cause of the following exception:

temporalio.exceptions.ActivityError: Activity task failed

The above exception was the direct cause of the following exception:

Traceback (most recent call last):
  File "/experiment/k8s/driver.py", line 31, in <module>
    asyncio.run(main())
  File "/usr/local/lib/python3.12/asyncio/runners.py", line 195, in run
    return runner.run(main)
           ^^^^^^^^^^^^^^^^
  File "/usr/local/lib/python3.12/asyncio/runners.py", line 118, in run
    return self._loop.run_until_complete(task)
           ^^^^^^^^^^^^^^^^^^^^^^^^^^^^^^^^^^^
  File "/usr/local/lib/python3.12/asyncio/base_events.py", line 691, in run_until_complete
    return future.result()
           ^^^^^^^^^^^^^^^
  File "/experiment/k8s/driver.py", line 18, in main
    result=await handle.result()
           ^^^^^^^^^^^^^^^^^^^^^
  File "/experiment/.venv/lib/python3.12/site-packages/temporalio/client.py", line 2988, in result
    raise WorkflowFailureError(
temporalio.client.WorkflowFailureError: Workflow execution failed
command terminated with exit code 1
