{"event": "started", "time": 1789124983.1380067, "pod": "worker-59d65cdcf6-ctlzl", "identity": "ea71c00a177cc04f3822ae8add6f7101e7b1acf72b0fabdb401268d2e765557d", "kind": "group", "attempt": 1, "spec": {"end": 35, "kind": "group", "start": 31}}
{"event": "registered", "time": 1789124995.9740224, "pod": "worker-59d65cdcf6-ctlzl", "identity": "ea71c00a177cc04f3822ae8add6f7101e7b1acf72b0fabdb401268d2e765557d", "kind": "group", "attempt": 1, "seconds": 12.838090088999934, "upload_seconds": 1.005415666999852, "payload_bytes": 5086424, "io_delta": {"get_bytes": 10176587, "put_bytes": 5090407, "get_seconds": 0.02771429299968986, "put_seconds": 0.049431001000357355}, "events": "{\"pid\": 34, \"stage\": \"model_initialization\", \"pages\": [], \"seconds\": 0.5558566250001604}\n{\"pid\": 34, \"stage\": \"PagePreprocessingModel\", \"pages\": [31], \"seconds\": 0.04732733300011205}\n{\"pid\": 34, \"stage\": \"RapidOcrModel\", \"pages\": [31], \"seconds\": 3.2079999527923064e-06}\n{\"pid\": 34, \"stage\": \"PagePreprocessingModel\", \"pages\": [32], \"seconds\": 0.04732449999983146}\n{\"pid\": 34, \"stage\": \"RapidOcrModel\", \"pages\": [32], \"seconds\": 2.207999841630226e-06}\n{\"pid\": 34, \"stage\": \"PagePreprocessingModel\", \"pages\": [33], \"seconds\": 0.03995183300003191}\n{\"pid\": 34, \"stage\": \"RapidOcrModel\", \"pages\": [33], \"seconds\": 1.916999963214039e-06}\n{\"pid\": 34, \"stage\": \"PagePreprocessingModel\", \"pages\": [34], \"seconds\": 0.042721124999843596}\n{\"pid\": 34, \"stage\": \"RapidOcrModel\", \"pages\": [34], \"seconds\": 1.3750000107393134e-06}\n{\"pid\": 34, \"stage\": \"PagePreprocessingModel\", \"pages\": [35], \"seconds\": 0.040208124999935535}\n{\"pid\": 34, \"stage\": \"RapidOcrModel\", \"pages\": [35], \"seconds\": 1.500000053056283e-06}\n{\"pid\": 34, \"stage\": \"LayoutModel\", \"pages\": [31], \"seconds\": 0.6293807080000988}\n{\"pid\": 34, \"stage\": \"TableStructureModel\", \"pages\": [31], \"seconds\": 4.524999985733302e-05}\n{\"pid\": 34, \"stage\": \"PageAssembleModel\", \"pages\": [31], \"seconds\": 0.00023979100001270126}\n{\"pid\": 34, \"stage\": \"checkpoint_commit\", \"pages\": [31], \"seconds\": 0.048628999999891676}\n{\"pid\": 34, \"stage\": \"LayoutModel\", \"pages\": [32, 33, 34, 35], \"seconds\": 2.8910140010000305}\n{\"pid\": 34, \"stage\": \"TableStructureModel\", \"pages\": [32, 33, 34, 35], \"seconds\": 4.175000003669993e-05}\n{\"pid\": 34, \"stage\": \"PageAssembleModel\", \"pages\": [32], \"seconds\": 0.00019112499990114884}\n{\"pid\": 34, \"stage\": \"checkpoint_commit\", \"pages\": [32], \"seconds\": 0.03751387500005876}\n{\"pid\": 34, \"stage\": \"PageAssembleModel\", \"pages\": [33], \"seconds\": 0.00019775000009758514}\n{\"pid\": 34, \"stage\": \"checkpoint_commit\", \"pages\": [33], \"seconds\": 0.03268458399998053}\n{\"pid\": 34, \"stage\": \"PageAssembleModel\", \"pages\": [34], \"seconds\": 0.0001794170000266604}\n{\"pid\": 34, \"stage\": \"checkpoint_commit\", \"pages\": [34], \"seconds\": 0.03339274999984809}\n{\"pid\": 34, \"stage\": \"PageAssembleModel\", \"pages\": [35], \"seconds\": 0.00018358300008003425}\n{\"pid\": 34, \"stage\": \"checkpoint_commit\", \"pages\": [35], \"seconds\": 0.03436245800003235}\n", "ocr": null}
{"event": "started", "time": 1789124996.0671356, "pod": "worker-59d65cdcf6-ctlzl", "identity": "6cdeede41e11477ca809b4bb1f804c6945961635d01d21eae1d11fe85fd82094", "kind": "group", "attempt": 1, "spec": {"end": 45, "kind": "group", "start": 41}}
{"event": "registered", "time": 1789125003.9970562, "pod": "worker-59d65cdcf6-ctlzl", "identity": "6cdeede41e11477ca809b4bb1f804c6945961635d01d21eae1d11fe85fd82094", "kind": "group", "attempt": 1, "seconds": 7.931245294999826, "upload_seconds": 1.0023491670001476, "payload_bytes": 5347886, "io_delta": {"get_bytes": 10699511, "put_bytes": 5351869, "get_seconds": 0.028776915999969788, "put_seconds": 0.05573725199974433}, "events": "{\"pid\": 65, \"stage\": \"model_initialization\", \"pages\": [], \"seconds\": 0.35206237500005955}\n{\"pid\": 65, \"stage\": \"PagePreprocessingModel\", \"pages\": [41], \"seconds\": 0.04203125000003638}\n{\"pid\": 65, \"stage\": \"RapidOcrModel\", \"pages\": [41], \"seconds\": 3.5420000585872913e-06}\n{\"pid\": 65, \"stage\": \"PagePreprocessingModel\", \"pages\": [42], \"seconds\": 0.042217166999989786}\n{\"pid\": 65, \"stage\": \"RapidOcrModel\", \"pages\": [42], \"seconds\": 3.5829998523695394e-06}\n{\"pid\": 65, \"stage\": \"PagePreprocessingModel\", \"pages\": [43], \"seconds\": 0.03843058300003577}\n{\"pid\": 65, \"stage\": \"RapidOcrModel\", \"pages\": [43], \"seconds\": 2.541999947425211e-06}\n{\"pid\": 65, \"stage\": \"PagePreprocessingModel\", \"pages\": [44], \"seconds\": 0.04164270899991607}\n{\"pid\": 65, \"stage\": \"RapidOcrModel\", \"pages\": [44], \"seconds\": 2.750000021478627e-06}\n{\"pid\": 65, \"stage\": \"PagePreprocessingModel\", \"pages\": [45], \"seconds\": 0.1124237499998344}\n{\"pid\": 65, \"stage\": \"RapidOcrModel\", \"pages\": [45], \"seconds\": 1.7500001376902219e-06}\n{\"pid\": 65, \"stage\": \"LayoutModel\", \"pages\": [41], \"seconds\": 0.7012268339999537}\n{\"pid\": 65, \"stage\": \"TableStructureModel\", \"pages\": [41], \"seconds\": 3.7540999983320944e-05}\n{\"pid\": 65, \"stage\": \"PageAssembleModel\", \"pages\": [41], \"seconds\": 0.000509583999928509}\n{\"pid\": 65, \"stage\": \"checkpoint_commit\", \"pages\": [41], \"seconds\": 0.04870891599989591}\n{\"pid\": 65, \"stage\": \"LayoutModel\", \"pages\": [42, 43, 44, 45], \"seconds\": 2.880867210000133}\n{\"pid\": 65, \"stage\": \"TableStructureModel\", \"pages\": [42, 43, 44, 45], \"seconds\": 4.5083000031809206e-05}\n{\"pid\": 65, \"stage\": \"PageAssembleModel\", \"pages\": [42], \"seconds\": 0.00021820799997840368}\n{\"pid\": 65, \"stage\": \"checkpoint_commit\", \"pages\": [42], \"seconds\": 0.03773570800012749}\n{\"pid\": 65, \"stage\": \"PageAssembleModel\", \"pages\": [43], \"seconds\": 0.00020054199990227062}\n{\"pid\": 65, \"stage\": \"checkpoint_commit\", \"pages\": [43], \"seconds\": 0.033972166000012294}\n{\"pid\": 65, \"stage\": \"PageAssembleModel\", \"pages\": [44], \"seconds\": 0.00018879200001720164}\n{\"pid\": 65, \"stage\": \"checkpoint_commit\", \"pages\": [44], \"seconds\": 0.03424829200002932}\n{\"pid\": 65, \"stage\": \"PageAssembleModel\", \"pages\": [45], \"seconds\": 0.00022066700012146612}\n{\"pid\": 65, \"stage\": \"checkpoint_commit\", \"pages\": [45], \"seconds\": 0.03347570799996902}\n", "ocr": null}
{"event": "started", "time": 1789125004.0748794, "pod": "worker-59d65cdcf6-ctlzl", "identity": "a310a663573afe548f1beb84083d3a06b87e6ec1169bea3d2027463d318d24c0", "kind": "group", "attempt": 1, "spec": {"end": 51, "kind": "group", "start": 51}}
{"event": "registered", "time": 1789125008.665743, "pod": "worker-59d65cdcf6-ctlzl", "identity": "a310a663573afe548f1beb84083d3a06b87e6ec1169bea3d2027463d318d24c0", "kind": "group", "attempt": 1, "seconds": 4.592061418999947, "upload_seconds": 1.0026448749999872, "payload_bytes": 517598, "io_delta": {"get_bytes": 1037125, "put_bytes": 519771, "get_seconds": 0.01309983199985254, "put_seconds": 0.023931708000191065}, "events": "{\"pid\": 96, \"stage\": \"model_initialization\", \"pages\": [], \"seconds\": 0.3315534169998955}\n{\"pid\": 96, \"stage\": \"PagePreprocessingModel\", \"pages\": [51], \"seconds\": 0.02258779199996752}\n{\"pid\": 96, \"stage\": \"RapidOcrModel\", \"pages\": [51], \"seconds\": 2.541999947425211e-06}\n{\"pid\": 96, \"stage\": \"LayoutModel\", \"pages\": [51], \"seconds\": 0.49115508399995633}\n{\"pid\": 96, \"stage\": \"TableStructureModel\", \"pages\": [51], \"seconds\": 3.749999996216502e-05}\n{\"pid\": 96, \"stage\": \"PageAssembleModel\", \"pages\": [51], \"seconds\": 0.0001643749999402644}\n{\"pid\": 96, \"stage\": \"checkpoint_commit\", \"pages\": [51], \"seconds\": 0.024511624999831838}\n", "ocr": null}
{"event": "started", "time": 1789125009.968773, "pod": "worker-59d65cdcf6-ctlzl", "identity": "cd69445f37adb5fb336e22675469fcd21f41c9225c6f40c7fd5255e342292f07", "kind": "assembly", "attempt": 2, "spec": {"groups": ["29a79d23c588ad82b37a0b318f26e6ad69ccf975ceb900d3e230689f3f281a2a", "a2ae90aafe7aa2449991f332d15e280e34333432d66a6f22caa81795f9ab8f1d", "0e25ec31463c0d548c69feff3ea5e0df3251a7f067a7d85bd0069b39cbb3f61a", "a104e6bbf7f7b38d11da1ac7246b98abdde3e195cb1a0e81d6a3b1050637c6f4", "5062f12eceff0a5f73b321182244a5425f0066d29bf76ea5996037e4b8bd01a3", "20c509f6043486c39a1698788b41f51b05d6de1de5d4cad85a5747c502dce71b", "ea71c00a177cc04f3822ae8add6f7101e7b1acf72b0fabdb401268d2e765557d", "efca56667e4359e697e05cbcf18030dce6491cbbf51678bfa5a8b11e31d2429d", "6cdeede41e11477ca809b4bb1f804c6945961635d01d21eae1d11fe85fd82094", "49d0ae55ec2f19ae1b6376edb079e6838c838fca8c796bffb39b572fe3aeb988", "a310a663573afe548f1beb84083d3a06b87e6ec1169bea3d2027463d318d24c0"], "kind": "assembly"}}
Completing activity as failed ({'activity_id': '12', 'activity_type': 'produce', 'attempt': 2, 'namespace': 'default', 'task_queue': 'pdf-linux', 'workflow_id': 'linux-v2-normal-1789124982844997376', 'workflow_run_id': '01a09028-b83d-7c0c-a415-9038626f6428', 'workflow_type': 'Recovery'})
Traceback (most recent call last):
  File "/experiment/.venv/lib/python3.12/site-packages/temporalio/worker/_activity.py", line 318, in _handle_start_activity_task
    result = await self._execute_activity(
             ^^^^^^^^^^^^^^^^^^^^^^^^^^^^^
  File "/experiment/.venv/lib/python3.12/site-packages/temporalio/worker/_activity.py", line 669, in _execute_activity
    return await impl.execute_activity(input)
           ^^^^^^^^^^^^^^^^^^^^^^^^^^^^^^^^^^
  File "/experiment/.venv/lib/python3.12/site-packages/temporalio/worker/_activity.py", line 864, in execute_activity
    return await input.fn(*input.args)
           ^^^^^^^^^^^^^^^^^^^^^^^^^^^
  File "/experiment/k8s/worker.py", line 120, in produce
    await asyncio.to_thread(materialize,group_id,group)
  File "/usr/local/lib/python3.12/asyncio/threads.py", line 25, in to_thread
    return await loop.run_in_executor(None, func_call)
           ^^^^^^^^^^^^^^^^^^^^^^^^^^^^^^^^^^^^^^^^^^^
  File "/usr/local/lib/python3.12/concurrent/futures/thread.py", line 59, in run
    result = self.fn(*self.args, **self.kwargs)
             ^^^^^^^^^^^^^^^^^^^^^^^^^^^^^^^^^^
  File "/experiment/k8s/worker.py", line 38, in materialize
    assert manifest is not None
           ^^^^^^^^^^^^^^^^^^^^
AssertionError
{"event": "started", "time": 1789125014.257748, "pod": "worker-59d65cdcf6-ctlzl", "identity": "cd69445f37adb5fb336e22675469fcd21f41c9225c6f40c7fd5255e342292f07", "kind": "assembly", "attempt": 4, "spec": {"groups": ["29a79d23c588ad82b37a0b318f26e6ad69ccf975ceb900d3e230689f3f281a2a", "a2ae90aafe7aa2449991f332d15e280e34333432d66a6f22caa81795f9ab8f1d", "0e25ec31463c0d548c69feff3ea5e0df3251a7f067a7d85bd0069b39cbb3f61a", "a104e6bbf7f7b38d11da1ac7246b98abdde3e195cb1a0e81d6a3b1050637c6f4", "5062f12eceff0a5f73b321182244a5425f0066d29bf76ea5996037e4b8bd01a3", "20c509f6043486c39a1698788b41f51b05d6de1de5d4cad85a5747c502dce71b", "ea71c00a177cc04f3822ae8add6f7101e7b1acf72b0fabdb401268d2e765557d", "efca56667e4359e697e05cbcf18030dce6491cbbf51678bfa5a8b11e31d2429d", "6cdeede41e11477ca809b4bb1f804c6945961635d01d21eae1d11fe85fd82094", "49d0ae55ec2f19ae1b6376edb079e6838c838fca8c796bffb39b572fe3aeb988", "a310a663573afe548f1beb84083d3a06b87e6ec1169bea3d2027463d318d24c0"], "kind": "assembly"}}
Completing activity as failed ({'activity_id': '12', 'activity_type': 'produce', 'attempt': 4, 'namespace': 'default', 'task_queue': 'pdf-linux', 'workflow_id': 'linux-v2-normal-1789124982844997376', 'workflow_run_id': '01a09028-b83d-7c0c-a415-9038626f6428', 'workflow_type': 'Recovery'})
Traceback (most recent call last):
  File "/experiment/.venv/lib/python3.12/site-packages/temporalio/worker/_activity.py", line 318, in _handle_start_activity_task
    result = await self._execute_activity(
             ^^^^^^^^^^^^^^^^^^^^^^^^^^^^^
  File "/experiment/.venv/lib/python3.12/site-packages/temporalio/worker/_activity.py", line 669, in _execute_activity
    return await impl.execute_activity(input)
           ^^^^^^^^^^^^^^^^^^^^^^^^^^^^^^^^^^
  File "/experiment/.venv/lib/python3.12/site-packages/temporalio/worker/_activity.py", line 864, in execute_activity
    return await input.fn(*input.args)
           ^^^^^^^^^^^^^^^^^^^^^^^^^^^
  File "/experiment/k8s/worker.py", line 120, in produce
    await asyncio.to_thread(materialize,group_id,group)
  File "/usr/local/lib/python3.12/asyncio/threads.py", line 25, in to_thread
    return await loop.run_in_executor(None, func_call)
           ^^^^^^^^^^^^^^^^^^^^^^^^^^^^^^^^^^^^^^^^^^^
  File "/usr/local/lib/python3.12/concurrent/futures/thread.py", line 59, in run
    result = self.fn(*self.args, **self.kwargs)
             ^^^^^^^^^^^^^^^^^^^^^^^^^^^^^^^^^^
  File "/experiment/k8s/worker.py", line 38, in materialize
    assert manifest is not None
           ^^^^^^^^^^^^^^^^^^^^
AssertionError
