Loading weights:   0%|          | 0/770 [00:00<?, ?it/s]Loading weights: 100%|██████████| 770/770 [00:00<00:00, 26886.56it/s]
native [('native_mixed', True), ('scan_en', False), ('scan_tc', False), ('scan_mixed', False), ('small_bitmap', False), ('faulty_layer', False), ('degraded_tc', False)]
[INFO] 2026-09-13 08:59:15,543 [RapidOCR] base.py:23: Using engine_name: onnxruntime
[INFO] 2026-09-13 08:59:15,560 [RapidOCR] download_file.py:60: File exists and is valid: /Users/david/work/data-ingestion/docs/prototypes/pdf-checkpoint-prototype/.venv/lib/python3.12/site-packages/rapidocr/models/PP-OCRv6_det_small.onnx
[INFO] 2026-09-13 08:59:15,560 [RapidOCR] main.py:63: Using /Users/david/work/data-ingestion/docs/prototypes/pdf-checkpoint-prototype/.venv/lib/python3.12/site-packages/rapidocr/models/PP-OCRv6_det_small.onnx
[INFO] 2026-09-13 08:59:15,570 [RapidOCR] base.py:23: Using engine_name: onnxruntime
[INFO] 2026-09-13 08:59:15,571 [RapidOCR] download_file.py:60: File exists and is valid: /Users/david/work/data-ingestion/docs/prototypes/pdf-checkpoint-prototype/.venv/lib/python3.12/site-packages/rapidocr/models/ch_ppocr_mobile_v2.0_cls_mobile.onnx
[INFO] 2026-09-13 08:59:15,571 [RapidOCR] main.py:63: Using /Users/david/work/data-ingestion/docs/prototypes/pdf-checkpoint-prototype/.venv/lib/python3.12/site-packages/rapidocr/models/ch_ppocr_mobile_v2.0_cls_mobile.onnx
[INFO] 2026-09-13 08:59:15,580 [RapidOCR] base.py:23: Using engine_name: onnxruntime
[INFO] 2026-09-13 08:59:15,588 [RapidOCR] download_file.py:60: File exists and is valid: /Users/david/work/data-ingestion/docs/prototypes/pdf-checkpoint-prototype/.venv/lib/python3.12/site-packages/rapidocr/models/PP-OCRv6_rec_small.onnx
[INFO] 2026-09-13 08:59:15,588 [RapidOCR] main.py:63: Using /Users/david/work/data-ingestion/docs/prototypes/pdf-checkpoint-prototype/.venv/lib/python3.12/site-packages/rapidocr/models/PP-OCRv6_rec_small.onnx
Loading weights:   0%|          | 0/770 [00:00<?, ?it/s]Loading weights: 100%|██████████| 770/770 [00:00<00:00, 26109.71it/s]
mixed [('native_mixed', True), ('scan_en', True), ('scan_tc', True), ('scan_mixed', True), ('small_bitmap', True), ('faulty_layer', False), ('degraded_tc', True)]
[INFO] 2026-09-13 08:59:18,257 [RapidOCR] base.py:23: Using engine_name: onnxruntime
[INFO] 2026-09-13 08:59:18,261 [RapidOCR] download_file.py:60: File exists and is valid: /Users/david/work/data-ingestion/docs/prototypes/pdf-checkpoint-prototype/.venv/lib/python3.12/site-packages/rapidocr/models/PP-OCRv6_det_small.onnx
[INFO] 2026-09-13 08:59:18,261 [RapidOCR] main.py:63: Using /Users/david/work/data-ingestion/docs/prototypes/pdf-checkpoint-prototype/.venv/lib/python3.12/site-packages/rapidocr/models/PP-OCRv6_det_small.onnx
[INFO] 2026-09-13 08:59:18,270 [RapidOCR] base.py:23: Using engine_name: onnxruntime
[INFO] 2026-09-13 08:59:18,271 [RapidOCR] download_file.py:60: File exists and is valid: /Users/david/work/data-ingestion/docs/prototypes/pdf-checkpoint-prototype/.venv/lib/python3.12/site-packages/rapidocr/models/ch_ppocr_mobile_v2.0_cls_mobile.onnx
[INFO] 2026-09-13 08:59:18,271 [RapidOCR] main.py:63: Using /Users/david/work/data-ingestion/docs/prototypes/pdf-checkpoint-prototype/.venv/lib/python3.12/site-packages/rapidocr/models/ch_ppocr_mobile_v2.0_cls_mobile.onnx
[INFO] 2026-09-13 08:59:18,280 [RapidOCR] base.py:23: Using engine_name: onnxruntime
[INFO] 2026-09-13 08:59:18,288 [RapidOCR] download_file.py:60: File exists and is valid: /Users/david/work/data-ingestion/docs/prototypes/pdf-checkpoint-prototype/.venv/lib/python3.12/site-packages/rapidocr/models/PP-OCRv6_rec_small.onnx
[INFO] 2026-09-13 08:59:18,288 [RapidOCR] main.py:63: Using /Users/david/work/data-ingestion/docs/prototypes/pdf-checkpoint-prototype/.venv/lib/python3.12/site-packages/rapidocr/models/PP-OCRv6_rec_small.onnx
Loading weights:   0%|          | 0/770 [00:00<?, ?it/s]Loading weights: 100%|██████████| 770/770 [00:00<00:00, 27586.80it/s]
scanned [('native_mixed', True), ('scan_en', True), ('scan_tc', True), ('scan_mixed', True), ('small_bitmap', True), ('faulty_layer', True), ('degraded_tc', True)]
[INFO] 2026-09-13 08:59:22,454 [RapidOCR] base.py:23: Using engine_name: onnxruntime
[INFO] 2026-09-13 08:59:22,458 [RapidOCR] download_file.py:60: File exists and is valid: /Users/david/work/data-ingestion/docs/prototypes/pdf-checkpoint-prototype/.venv/lib/python3.12/site-packages/rapidocr/models/PP-OCRv6_det_small.onnx
[INFO] 2026-09-13 08:59:22,458 [RapidOCR] main.py:63: Using /Users/david/work/data-ingestion/docs/prototypes/pdf-checkpoint-prototype/.venv/lib/python3.12/site-packages/rapidocr/models/PP-OCRv6_det_small.onnx
[INFO] 2026-09-13 08:59:22,468 [RapidOCR] base.py:23: Using engine_name: onnxruntime
[INFO] 2026-09-13 08:59:22,469 [RapidOCR] download_file.py:60: File exists and is valid: /Users/david/work/data-ingestion/docs/prototypes/pdf-checkpoint-prototype/.venv/lib/python3.12/site-packages/rapidocr/models/ch_ppocr_mobile_v2.0_cls_mobile.onnx
[INFO] 2026-09-13 08:59:22,469 [RapidOCR] main.py:63: Using /Users/david/work/data-ingestion/docs/prototypes/pdf-checkpoint-prototype/.venv/lib/python3.12/site-packages/rapidocr/models/ch_ppocr_mobile_v2.0_cls_mobile.onnx
[INFO] 2026-09-13 08:59:22,478 [RapidOCR] base.py:23: Using engine_name: onnxruntime
[INFO] 2026-09-13 08:59:22,486 [RapidOCR] download_file.py:60: File exists and is valid: /Users/david/work/data-ingestion/docs/prototypes/pdf-checkpoint-prototype/.venv/lib/python3.12/site-packages/rapidocr/models/PP-OCRv6_rec_small.onnx
[INFO] 2026-09-13 08:59:22,486 [RapidOCR] main.py:63: Using /Users/david/work/data-ingestion/docs/prototypes/pdf-checkpoint-prototype/.venv/lib/python3.12/site-packages/rapidocr/models/PP-OCRv6_rec_small.onnx
crops [('native_mixed', True), ('scan_en', True), ('scan_tc', True), ('scan_mixed', True), ('small_bitmap', True), ('faulty_layer', True), ('degraded_tc', True)]
