Loading weights:   0%|          | 0/770 [00:00<?, ?it/s]Loading weights: 100%|██████████| 770/770 [00:00<00:00, 24829.82it/s]
native [('native_mixed', True), ('scan_en', False), ('scan_tc', False), ('scan_mixed', False), ('small_bitmap', False), ('faulty_layer', False), ('degraded_tc', False)]
[INFO] 2026-09-13 08:56:50,144 [RapidOCR] base.py:23: Using engine_name: onnxruntime
[INFO] 2026-09-13 08:56:50,190 [RapidOCR] download_file.py:60: File exists and is valid: /Users/david/work/data-ingestion/docs/prototypes/pdf-checkpoint-prototype/.venv/lib/python3.12/site-packages/rapidocr/models/PP-OCRv6_det_small.onnx
[INFO] 2026-09-13 08:56:50,190 [RapidOCR] main.py:63: Using /Users/david/work/data-ingestion/docs/prototypes/pdf-checkpoint-prototype/.venv/lib/python3.12/site-packages/rapidocr/models/PP-OCRv6_det_small.onnx
[INFO] 2026-09-13 08:56:50,216 [RapidOCR] base.py:23: Using engine_name: onnxruntime
[INFO] 2026-09-13 08:56:50,217 [RapidOCR] download_file.py:60: File exists and is valid: /Users/david/work/data-ingestion/docs/prototypes/pdf-checkpoint-prototype/.venv/lib/python3.12/site-packages/rapidocr/models/ch_ppocr_mobile_v2.0_cls_mobile.onnx
[INFO] 2026-09-13 08:56:50,217 [RapidOCR] main.py:63: Using /Users/david/work/data-ingestion/docs/prototypes/pdf-checkpoint-prototype/.venv/lib/python3.12/site-packages/rapidocr/models/ch_ppocr_mobile_v2.0_cls_mobile.onnx
[INFO] 2026-09-13 08:56:50,227 [RapidOCR] base.py:23: Using engine_name: onnxruntime
[INFO] 2026-09-13 08:56:50,235 [RapidOCR] download_file.py:60: File exists and is valid: /Users/david/work/data-ingestion/docs/prototypes/pdf-checkpoint-prototype/.venv/lib/python3.12/site-packages/rapidocr/models/PP-OCRv6_rec_small.onnx
[INFO] 2026-09-13 08:56:50,235 [RapidOCR] main.py:63: Using /Users/david/work/data-ingestion/docs/prototypes/pdf-checkpoint-prototype/.venv/lib/python3.12/site-packages/rapidocr/models/PP-OCRv6_rec_small.onnx
Loading weights:   0%|          | 0/770 [00:00<?, ?it/s]Loading weights: 100%|██████████| 770/770 [00:00<00:00, 25883.30it/s]
mixed [('native_mixed', True), ('scan_en', False), ('scan_tc', False), ('scan_mixed', False), ('small_bitmap', True), ('faulty_layer', False), ('degraded_tc', False)]
[INFO] 2026-09-13 08:56:53,700 [RapidOCR] base.py:23: Using engine_name: onnxruntime
[INFO] 2026-09-13 08:56:53,704 [RapidOCR] download_file.py:60: File exists and is valid: /Users/david/work/data-ingestion/docs/prototypes/pdf-checkpoint-prototype/.venv/lib/python3.12/site-packages/rapidocr/models/PP-OCRv6_det_small.onnx
[INFO] 2026-09-13 08:56:53,704 [RapidOCR] main.py:63: Using /Users/david/work/data-ingestion/docs/prototypes/pdf-checkpoint-prototype/.venv/lib/python3.12/site-packages/rapidocr/models/PP-OCRv6_det_small.onnx
[INFO] 2026-09-13 08:56:53,714 [RapidOCR] base.py:23: Using engine_name: onnxruntime
[INFO] 2026-09-13 08:56:53,714 [RapidOCR] download_file.py:60: File exists and is valid: /Users/david/work/data-ingestion/docs/prototypes/pdf-checkpoint-prototype/.venv/lib/python3.12/site-packages/rapidocr/models/ch_ppocr_mobile_v2.0_cls_mobile.onnx
[INFO] 2026-09-13 08:56:53,714 [RapidOCR] main.py:63: Using /Users/david/work/data-ingestion/docs/prototypes/pdf-checkpoint-prototype/.venv/lib/python3.12/site-packages/rapidocr/models/ch_ppocr_mobile_v2.0_cls_mobile.onnx
[INFO] 2026-09-13 08:56:53,724 [RapidOCR] base.py:23: Using engine_name: onnxruntime
[INFO] 2026-09-13 08:56:53,731 [RapidOCR] download_file.py:60: File exists and is valid: /Users/david/work/data-ingestion/docs/prototypes/pdf-checkpoint-prototype/.venv/lib/python3.12/site-packages/rapidocr/models/PP-OCRv6_rec_small.onnx
[INFO] 2026-09-13 08:56:53,731 [RapidOCR] main.py:63: Using /Users/david/work/data-ingestion/docs/prototypes/pdf-checkpoint-prototype/.venv/lib/python3.12/site-packages/rapidocr/models/PP-OCRv6_rec_small.onnx
Loading weights:   0%|          | 0/770 [00:00<?, ?it/s]Loading weights: 100%|██████████| 770/770 [00:00<00:00, 26929.83it/s]
scanned [('native_mixed', False), ('scan_en', False), ('scan_tc', False), ('scan_mixed', False), ('small_bitmap', True), ('faulty_layer', False), ('degraded_tc', False)]
[INFO] 2026-09-13 08:56:57,607 [RapidOCR] base.py:23: Using engine_name: onnxruntime
[INFO] 2026-09-13 08:56:57,611 [RapidOCR] download_file.py:60: File exists and is valid: /Users/david/work/data-ingestion/docs/prototypes/pdf-checkpoint-prototype/.venv/lib/python3.12/site-packages/rapidocr/models/PP-OCRv6_det_small.onnx
[INFO] 2026-09-13 08:56:57,611 [RapidOCR] main.py:63: Using /Users/david/work/data-ingestion/docs/prototypes/pdf-checkpoint-prototype/.venv/lib/python3.12/site-packages/rapidocr/models/PP-OCRv6_det_small.onnx
[INFO] 2026-09-13 08:56:57,622 [RapidOCR] base.py:23: Using engine_name: onnxruntime
[INFO] 2026-09-13 08:56:57,622 [RapidOCR] download_file.py:60: File exists and is valid: /Users/david/work/data-ingestion/docs/prototypes/pdf-checkpoint-prototype/.venv/lib/python3.12/site-packages/rapidocr/models/ch_ppocr_mobile_v2.0_cls_mobile.onnx
[INFO] 2026-09-13 08:56:57,622 [RapidOCR] main.py:63: Using /Users/david/work/data-ingestion/docs/prototypes/pdf-checkpoint-prototype/.venv/lib/python3.12/site-packages/rapidocr/models/ch_ppocr_mobile_v2.0_cls_mobile.onnx
[INFO] 2026-09-13 08:56:57,632 [RapidOCR] base.py:23: Using engine_name: onnxruntime
[INFO] 2026-09-13 08:56:57,640 [RapidOCR] download_file.py:60: File exists and is valid: /Users/david/work/data-ingestion/docs/prototypes/pdf-checkpoint-prototype/.venv/lib/python3.12/site-packages/rapidocr/models/PP-OCRv6_rec_small.onnx
[INFO] 2026-09-13 08:56:57,640 [RapidOCR] main.py:63: Using /Users/david/work/data-ingestion/docs/prototypes/pdf-checkpoint-prototype/.venv/lib/python3.12/site-packages/rapidocr/models/PP-OCRv6_rec_small.onnx
crops [('native_mixed', True), ('scan_en', True), ('scan_tc', True), ('scan_mixed', True), ('small_bitmap', True), ('faulty_layer', True), ('degraded_tc', True)]
